// Jest Snapshot v1, https://goo.gl/fbAQLP

exports[`test reducer returns the same state on an unhandled action 1`] = `
Object {
  "activeCalendar": false,
  "amount": 6,
  "calendarDate": null,
  "completeActive": false,
  "const_list": Object {
    "BTN_ADD_TXT": "+add movie",
    "CONFIRM_TEXT": "The movie has been added to database successfully",
    "CONFIRM_TITLE": "congratulations !",
    "ERROR_MESSAGE": "Something went wrong. We are trying to fix it.",
    "POSTFIX_LOGO": "roulette",
    "PREFIX_LOGO": "netflix",
    "REMOVAL_TEXT": "Are you sure you want to delete this movie?",
    "REMOVAL_TITLE": "delete movie",
    "SEARCH_BTN_TXT": "search",
    "SEARCH_PLACEHOLDER": "What do you want to watch?",
    "SEARCH_RESULT": " movies found",
    "SEARCH_TITLE": "find your movie",
  },
  "ddmActive": false,
  "deleteActive": false,
  "editActive": false,
  "errMessage": "",
  "filterName": "all",
  "isSelected": true,
  "item": -1,
  "modalActive": false,
  "movie": Array [],
  "movies": Array [
    Object {
      "budget": 55000000,
      "genres": Array [
        "Drama",
        "Romance",
      ],
      "id": 337167,
      "overview": "Believing they have left behind shadowy figures from their past, newlyweds Christian and Ana fully embrace an inextricable connection and shared life of luxury. But just as she steps into her role as Mrs. Grey and he relaxes into an unfamiliar stability, new threats could jeopardize their happy ending before it even begins.",
      "poster_path": "https://image.tmdb.org/t/p/w500/3kcEGnYBHDeqmdYf8ZRbKdfmlUy.jpg",
      "release_date": "2018-02-07",
      "revenue": 136906000,
      "runtime": 106,
      "tagline": "Don't miss the climax",
      "title": "Fifty Shades Freed",
      "vote_average": 6.1,
      "vote_count": 1195,
    },
    Object {
      "budget": 150000000,
      "genres": Array [
        "Mystery",
        "Science Fiction",
        "Thriller",
      ],
      "id": 335984,
      "overview": "Thirty years after the events of the first film, a new blade runner, LAPD Officer K, unearths a long-buried secret that has the potential to plunge what's left of society into chaos. K's discovery leads him on a quest to find Rick Deckard, a former LAPD blade runner who has been missing for 30 years.",
      "poster_path": "https://image.tmdb.org/t/p/w500/gajva2L0rPYkEWjzgFlBXCAVBE5.jpg",
      "release_date": "2017-10-04",
      "revenue": 259239658,
      "runtime": 163,
      "tagline": "There's still a page left.",
      "title": "Blade Runner 2049",
      "vote_average": 7.3,
      "vote_count": 3955,
    },
    Object {
      "budget": 200000000,
      "genres": Array [
        "Fantasy",
        "Adventure",
        "Science Fiction",
      ],
      "id": 181808,
      "overview": "Rey develops her newly discovered abilities with the guidance of Luke Skywalker, who is unsettled by the strength of her powers. Meanwhile, the Resistance prepares to do battle with the First Order.",
      "poster_path": "https://image.tmdb.org/t/p/w500/kOVEVeg59E0wsnXmF9nrh6OmWII.jpg",
      "release_date": "2017-12-13",
      "revenue": 1325937250,
      "runtime": 152,
      "tagline": "The Saga Continues",
      "title": "Star Wars: The Last Jedi",
      "vote_average": 7.1,
      "vote_count": 4732,
    },
    Object {
      "budget": 200000000,
      "genres": Array [
        "Action",
        "Adventure",
        "Fantasy",
        "Science Fiction",
      ],
      "id": 284054,
      "overview": "King T'Challa returns home from America to the reclusive, technologically advanced African nation of Wakanda to serve as his country's new leader. However, T'Challa soon finds that he is challenged for the throne by factions within his own country as well as without.  Using powers reserved to Wakandan kings, T'Challa assumes the Black Panther mantel to join with girlfriend Nakia, the queen-mother, his princess-kid sister,  members of the Dora Milaje (the Wakandan \\"special forces\\"), and an American secret agent, to prevent Wakanda from being dragged into a world war.",
      "poster_path": "https://image.tmdb.org/t/p/w500/uxzzxijgPIY7slzFvMotPv8wjKA.jpg",
      "release_date": "2018-02-13",
      "revenue": 1245257672,
      "runtime": 134,
      "tagline": "Long live the king",
      "title": "Black Panther",
      "vote_average": 7.3,
      "vote_count": 3788,
    },
    Object {
      "budget": 175000000,
      "genres": Array [
        "Adventure",
        "Comedy",
        "Family",
        "Animation",
      ],
      "id": 354912,
      "overview": "Despite his familyâ€™s baffling generations-old ban on music, Miguel dreams of becoming an accomplished musician like his idol, Ernesto de la Cruz. Desperate to prove his talent, Miguel finds himself in the stunning and colorful Land of the Dead following a mysterious chain of events. Along the way, he meets charming trickster Hector, and together, they set off on an extraordinary journey to unlock the real story behind Miguel's family history.",
      "poster_path": "https://image.tmdb.org/t/p/w500/eKi8dIrr8voobbaGzDpe8w0PVbC.jpg",
      "release_date": "2017-10-27",
      "revenue": 700920729,
      "runtime": 105,
      "tagline": "The celebration of a lifetime",
      "title": "Coco",
      "vote_average": 7.8,
      "vote_count": 3619,
    },
    Object {
      "budget": 175000000,
      "genres": Array [
        "Adventure",
        "Science Fiction",
        "Action",
      ],
      "id": 333339,
      "overview": "When the creator of a popular video game system dies, a virtual contest is created to compete for his fortune.",
      "poster_path": "https://image.tmdb.org/t/p/w500/pU1ULUq8D3iRxl1fdX2lZIzdHuI.jpg",
      "release_date": "2018-03-28",
      "revenue": 0,
      "runtime": 140,
      "tagline": "A better reality awaits.",
      "title": "Ready Player One",
      "vote_average": 8.1,
      "vote_count": 617,
    },
  ],
  "optionSelected": "",
  "searchText": "",
  "sortValue": "release date",
  "typeWindow": "add",
  "viewActive": true,
}
`;
